00:00 +0: loading /Users/omarelsharkawy/Dev/projects/auction_app/frontend/test/features/auction/presentation/auction_screen_test.dart                                                                  00:01 +0: loading /Users/omarelsharkawy/Dev/projects/auction_app/frontend/test/features/auction/presentation/auction_screen_test.dart                                                                  00:01 +0: renders loading indicator when state is loading                                                                                                                                              00:01 +1: renders loading indicator when state is loading                                                                                                                                              00:01 +1: renders auction details when state is loaded                                                                                                                                                 00:02 +1: renders auction details when state is loaded                                                                                                                                                 00:02 +1: renders auction details when state is loaded                                                                                                                                                 
══╡ EXCEPTION CAUGHT BY WIDGETS LIBRARY ╞═══════════════════════════════════════════════════════════
The following _TypeError was thrown building AuctionInfo(dirty, dependencies:
[_LocalizationsScope-[GlobalKey#96a5a]]):
Null check operator used on a null value

The relevant error-causing widget was:
  AuctionInfo
  AuctionInfo:file:///Users/omarelsharkawy/Dev/projects/auction_app/frontend/lib/features/auction/presentatiom/auction_screen.dart:92:25

When the exception was thrown, this was the stack:
#0      Themes.l10n (package:frontend/core/utils/extensions.dart:7:57)
#1      AuctionInfo.build (package:frontend/features/auction/presentatiom/widgets/auction_info.dart:31:27)
#2      StatelessElement.build (package:flutter/src/widgets/framework.dart:5791:49)
#3      ComponentElement.performRebuild (package:flutter/src/widgets/framework.dart:5723:15)
#4      Element.rebuild (package:flutter/src/widgets/framework.dart:5435:7)
#5      ComponentElement._firstBuild (package:flutter/src/widgets/framework.dart:5705:5)
#6      ComponentElement.mount (package:flutter/src/widgets/framework.dart:5699:5)
#7      Element.inflateWidget (package:flutter/src/widgets/framework.dart:4548:16)
#8      MultiChildRenderObjectElement.inflateWidget (package:flutter/src/widgets/framework.dart:7169:36)
#9      MultiChildRenderObjectElement.mount (package:flutter/src/widgets/framework.dart:7185:32)
#10     _ViewportElement.mount (package:flutter/src/widgets/viewport.dart:254:11)
...     Normal element mounting (87 frames)
#97     Element.inflateWidget (package:flutter/src/widgets/framework.dart:4548:16)
#98     MultiChildRenderObjectElement.inflateWidget (package:flutter/src/widgets/framework.dart:7169:36)
#99     MultiChildRenderObjectElement.mount (package:flutter/src/widgets/framework.dart:7185:32)
...     Normal element mounting (24 frames)
#123    SingleChildWidgetElementMixin.mount (package:nested/nested.dart:222:11)
...     Normal element mounting (33 frames)
#156    Element.inflateWidget (package:flutter/src/widgets/framework.dart:4548:16)
#157    MultiChildRenderObjectElement.inflateWidget (package:flutter/src/widgets/framework.dart:7169:36)
#158    MultiChildRenderObjectElement.mount (package:flutter/src/widgets/framework.dart:7185:32)
...     Normal element mounting (340 frames)
#498    Element.inflateWidget (package:flutter/src/widgets/framework.dart:4548:16)
#499    MultiChildRenderObjectElement.inflateWidget (package:flutter/src/widgets/framework.dart:7169:36)
#500    MultiChildRenderObjectElement.mount (package:flutter/src/widgets/framework.dart:7185:32)
...     Normal element mounting (471 frames)
#971    _InheritedProviderScopeElement.mount (package:provider/src/inherited_provider.dart:424:11)
...     Normal element mounting (7 frames)
#978    SingleChildWidgetElementMixin.mount (package:nested/nested.dart:222:11)
...     Normal element mounting (7 frames)
#985    SingleChildWidgetElementMixin.mount (package:nested/nested.dart:222:11)
...     Normal element mounting (7 frames)
#992    _NestedHookElement.mount (package:nested/nested.dart:187:11)
...     Normal element mounting (7 frames)
#999    _InheritedProviderScopeElement.mount (package:provider/src/inherited_provider.dart:424:11)
...     Normal element mounting (7 frames)
#1006   SingleChildWidgetElementMixin.mount (package:nested/nested.dart:222:11)
...     Normal element mounting (7 frames)
#1013   SingleChildWidgetElementMixin.mount (package:nested/nested.dart:222:11)
...     Normal element mounting (7 frames)
#1020   _NestedHookElement.mount (package:nested/nested.dart:187:11)
...     Normal element mounting (7 frames)
#1027   _InheritedProviderScopeElement.mount (package:provider/src/inherited_provider.dart:424:11)
...     Normal element mounting (7 frames)
#1034   SingleChildWidgetElementMixin.mount (package:nested/nested.dart:222:11)
...     Normal element mounting (7 frames)
#1041   SingleChildWidgetElementMixin.mount (package:nested/nested.dart:222:11)
...     Normal element mounting (7 frames)
#1048   _NestedHookElement.mount (package:nested/nested.dart:187:11)
...     Normal element mounting (7 frames)
#1055   SingleChildWidgetElementMixin.mount (package:nested/nested.dart:222:11)
#1056   Element.inflateWidget (package:flutter/src/widgets/framework.dart:4548:16)
#1057   Element.updateChild (package:flutter/src/widgets/framework.dart:3998:20)
#1058   ComponentElement.performRebuild (package:flutter/src/widgets/framework.dart:5747:16)
#1059   Element.rebuild (package:flutter/src/widgets/framework.dart:5435:7)
#1060   ProxyElement.update (package:flutter/src/widgets/framework.dart:6051:5)
#1061   _InheritedNotifierElement.update (package:flutter/src/widgets/inherited_notifier.dart:108:11)
#1062   Element.updateChild (package:flutter/src/widgets/framework.dart:3982:15)
#1063   ComponentElement.performRebuild (package:flutter/src/widgets/framework.dart:5747:16)
#1064   StatefulElement.performRebuild (package:flutter/src/widgets/framework.dart:5884:11)
#1065   Element.rebuild (package:flutter/src/widgets/framework.dart:5435:7)
#1066   StatefulElement.update (package:flutter/src/widgets/framework.dart:5909:5)
#1067   Element.updateChild (package:flutter/src/widgets/framework.dart:3982:15)
#1068   ComponentElement.performRebuild (package:flutter/src/widgets/framework.dart:5747:16)
#1069   Element.rebuild (package:flutter/src/widgets/framework.dart:5435:7)
#1070   ProxyElement.update (package:flutter/src/widgets/framework.dart:6051:5)
#1071   _InheritedNotifierElement.update (package:flutter/src/widgets/inherited_notifier.dart:108:11)
#1072   Element.updateChild (package:flutter/src/widgets/framework.dart:3982:15)
#1073   ComponentElement.performRebuild (package:flutter/src/widgets/framework.dart:5747:16)
#1074   StatefulElement.performRebuild (package:flutter/src/widgets/framework.dart:5884:11)
#1075   Element.rebuild (package:flutter/src/widgets/framework.dart:5435:7)
#1076   StatefulElement.update (package:flutter/src/widgets/framework.dart:5909:5)
#1077   Element.updateChild (package:flutter/src/widgets/framework.dart:3982:15)
#1078   ComponentElement.performRebuild (package:flutter/src/widgets/framework.dart:5747:16)
#1079   StatefulElement.performRebuild (package:flutter/src/widgets/framework.dart:5884:11)
#1080   Element.rebuild (package:flutter/src/widgets/framework.dart:5435:7)
#1081   StatefulElement.update (package:flutter/src/widgets/framework.dart:5909:5)
#1082   Element.updateChild (package:flutter/src/widgets/framework.dart:3982:15)
#1083   ComponentElement.performRebuild (package:flutter/src/widgets/framework.dart:5747:16)
#1084   Element.rebuild (package:flutter/src/widgets/framework.dart:5435:7)
#1085   ProxyElement.update (package:flutter/src/widgets/framework.dart:6051:5)
#1086   Element.updateChild (package:flutter/src/widgets/framework.dart:3982:15)
#1087   ComponentElement.performRebuild (package:flutter/src/widgets/framework.dart:5747:16)
#1088   StatefulElement.performRebuild (package:flutter/src/widgets/framework.dart:5884:11)
#1089   Element.rebuild (package:flutter/src/widgets/framework.dart:5435:7)
#1090   StatefulElement.update (package:flutter/src/widgets/framework.dart:5909:5)
#1091   Element.updateChild (package:flutter/src/widgets/framework.dart:3982:15)
#1092   ComponentElement.performRebuild (package:flutter/src/widgets/framework.dart:5747:16)
#1093   Element.rebuild (package:flutter/src/widgets/framework.dart:5435:7)
#1094   ProxyElement.update (package:flutter/src/widgets/framework.dart:6051:5)
#1095   Element.updateChild (package:flutter/src/widgets/framework.dart:3982:15)
#1096   ComponentElement.performRebuild (package:flutter/src/widgets/framework.dart:5747:16)
#1097   Element.rebuild (package:flutter/src/widgets/framework.dart:5435:7)
#1098   ProxyElement.update (package:flutter/src/widgets/framework.dart:6051:5)
#1099   Element.updateChild (package:flutter/src/widgets/framework.dart:3982:15)
#1100   _RawViewElement._updateChild (package:flutter/src/widgets/view.dart:481:16)
#1101   _RawViewElement.update (package:flutter/src/widgets/view.dart:568:5)
#1102   Element.updateChild (package:flutter/src/widgets/framework.dart:3982:15)
#1103   ComponentElement.performRebuild (package:flutter/src/widgets/framework.dart:5747:16)
#1104   Element.rebuild (package:flutter/src/widgets/framework.dart:5435:7)
#1105   StatelessElement.update (package:flutter/src/widgets/framework.dart:5797:5)
#1106   Element.updateChild (package:flutter/src/widgets/framework.dart:3982:15)
#1107   ComponentElement.performRebuild (package:flutter/src/widgets/framework.dart:5747:16)
#1108   StatefulElement.performRebuild (package:flutter/src/widgets/framework.dart:5884:11)
#1109   Element.rebuild (package:flutter/src/widgets/framework.dart:5435:7)
#1110   StatefulElement.update (package:flutter/src/widgets/framework.dart:5909:5)
#1111   Element.updateChild (package:flutter/src/widgets/framework.dart:3982:15)
#1112   RootElement._rebuild (package:flutter/src/widgets/binding.dart:1716:16)
#1113   RootElement.update (package:flutter/src/widgets/binding.dart:1694:5)
#1114   RootElement.performRebuild (package:flutter/src/widgets/binding.dart:1708:7)
#1115   Element.rebuild (package:flutter/src/widgets/framework.dart:5435:7)
#1116   BuildScope._tryRebuild (package:flutter/src/widgets/framework.dart:2695:15)
#1117   BuildScope._flushDirtyElements (package:flutter/src/widgets/framework.dart:2752:11)
#1118   BuildOwner.buildScope (package:flutter/src/widgets/framework.dart:3056:18)
#1119   AutomatedTestWidgetsFlutterBinding.drawFrame (package:flutter_test/src/binding.dart:1506:19)
#1120   RendererBinding._handlePersistentFrameCallback (package:flutter/src/rendering/binding.dart:495:5)
#1121   SchedulerBinding._invokeFrameCallback (package:flutter/src/scheduler/binding.dart:1434:15)
#1122   SchedulerBinding.handleDrawFrame (package:flutter/src/scheduler/binding.dart:1347:9)
#1123   AutomatedTestWidgetsFlutterBinding.pump.<anonymous closure> (package:flutter_test/src/binding.dart:1335:9)
#1126   TestAsyncUtils.guard (package:flutter_test/src/test_async_utils.dart:74:41)
#1127   AutomatedTestWidgetsFlutterBinding.pump (package:flutter_test/src/binding.dart:1324:27)
#1128   WidgetTester.pumpWidget.<anonymous closure> (package:flutter_test/src/widget_tester.dart:598:22)
#1131   TestAsyncUtils.guard (package:flutter_test/src/test_async_utils.dart:74:41)
#1132   WidgetTester.pumpWidget (package:flutter_test/src/widget_tester.dart:595:27)
#1133   main.<anonymous closure>.<anonymous closure> (file:///Users/omarelsharkawy/Dev/projects/auction_app/frontend/test/features/auction/presentation/auction_screen_test.dart:91:20)
#1138   HttpOverrides.runZoned (dart:_http/overrides.dart:59:23)
#1139   mockNetworkImagesFor (package:network_image_mock/src/network_image_mock.dart:9:24)
#1140   main.<anonymous closure> (file:///Users/omarelsharkawy/Dev/projects/auction_app/frontend/test/features/auction/presentation/auction_screen_test.dart:90:11)
#1141   testWidgets.<anonymous closure>.<anonymous closure> (package:flutter_test/src/widget_tester.dart:192:29)
<asynchronous suspension>
#1142   TestWidgetsFlutterBinding._runTestBody (package:flutter_test/src/binding.dart:1059:5)
<asynchronous suspension>
<asynchronous suspension>
(elided 9 frames from dart:async and package:stack_trace)

════════════════════════════════════════════════════════════════════════════════════════════════════
══╡ EXCEPTION CAUGHT BY WIDGETS LIBRARY ╞═══════════════════════════════════════════════════════════
The following assertion was thrown building AuctionInfo(dependencies:
[_LocalizationsScope-[GlobalKey#96a5a]]):
A RenderViewport expected a child of type RenderSliver but received a child of type RenderErrorBox.
RenderObjects expect specific types of children because they coordinate with their children during
layout and paint. For example, a RenderSliver cannot be the child of a RenderBox because a
RenderSliver does not understand the RenderBox layout protocol.

The RenderViewport that expected a RenderSliver child was created by:
  Viewport ← IgnorePointer-[GlobalKey#5da06] ← Semantics ← Listener ← _GestureSemantics ←
  RawGestureDetector-[LabeledGlobalKey<RawGestureDetectorState>#3110d] ← Listener ← _ScrollableScope
  ← _ScrollSemantics-[GlobalKey#455cd] ← NotificationListener<ScrollMetricsNotification> ← Transform
  ← ClipRect ← ⋯

The RenderErrorBox that did not match the expected child type was created by:
  ErrorWidget-[#df6aa] ← AuctionInfo ← Viewport ← IgnorePointer-[GlobalKey#5da06] ← Semantics ←
  Listener ← _GestureSemantics ←
  RawGestureDetector-[LabeledGlobalKey<RawGestureDetectorState>#3110d] ← Listener ← _ScrollableScope
  ← _ScrollSemantics-[GlobalKey#455cd] ← NotificationListener<ScrollMetricsNotification> ← ⋯

The relevant error-causing widget was:
  AuctionInfo
  AuctionInfo:file:///Users/omarelsharkawy/Dev/projects/auction_app/frontend/lib/features/auction/presentatiom/auction_screen.dart:92:25

When the exception was thrown, this was the stack:
#0      ContainerRenderObjectMixin.debugValidateChild.<anonymous closure> (package:flutter/src/rendering/object.dart:4268:9)
#1      ContainerRenderObjectMixin.debugValidateChild (package:flutter/src/rendering/object.dart:4295:6)
#2      MultiChildRenderObjectElement.insertRenderObjectChild (package:flutter/src/widgets/framework.dart:7097:25)
#3      _ViewportElement.insertRenderObjectChild (package:flutter/src/widgets/viewport.dart:295:11)
#4      RenderObjectElement.attachRenderObject (package:flutter/src/widgets/framework.dart:6844:35)
#5      RenderObjectElement.mount (package:flutter/src/widgets/framework.dart:6706:5)
...     Normal element mounting (7 frames)
#12     Element.inflateWidget (package:flutter/src/widgets/framework.dart:4548:16)
#13     MultiChildRenderObjectElement.inflateWidget (package:flutter/src/widgets/framework.dart:7169:36)
#14     MultiChildRenderObjectElement.mount (package:flutter/src/widgets/framework.dart:7185:32)
#15     _ViewportElement.mount (package:flutter/src/widgets/viewport.dart:254:11)
...     Normal element mounting (87 frames)
#102    Element.inflateWidget (package:flutter/src/widgets/framework.dart:4548:16)
#103    MultiChildRenderObjectElement.inflateWidget (package:flutter/src/widgets/framework.dart:7169:36)
#104    MultiChildRenderObjectElement.mount (package:flutter/src/widgets/framework.dart:7185:32)
...     Normal element mounting (24 frames)
#128    SingleChildWidgetElementMixin.mount (package:nested/nested.dart:222:11)
...     Normal element mounting (33 frames)
#161    Element.inflateWidget (package:flutter/src/widgets/framework.dart:4548:16)
#162    MultiChildRenderObjectElement.inflateWidget (package:flutter/src/widgets/framework.dart:7169:36)
#163    MultiChildRenderObjectElement.mount (package:flutter/src/widgets/framework.dart:7185:32)
...     Normal element mounting (340 frames)
#503    Element.inflateWidget (package:flutter/src/widgets/framework.dart:4548:16)
#504    MultiChildRenderObjectElement.inflateWidget (package:flutter/src/widgets/framework.dart:7169:36)
#505    MultiChildRenderObjectElement.mount (package:flutter/src/widgets/framework.dart:7185:32)
...     Normal element mounting (471 frames)
#976    _InheritedProviderScopeElement.mount (package:provider/src/inherited_provider.dart:424:11)
...     Normal element mounting (7 frames)
#983    SingleChildWidgetElementMixin.mount (package:nested/nested.dart:222:11)
...     Normal element mounting (7 frames)
#990    SingleChildWidgetElementMixin.mount (package:nested/nested.dart:222:11)
...     Normal element mounting (7 frames)
#997    _NestedHookElement.mount (package:nested/nested.dart:187:11)
...     Normal element mounting (7 frames)
#1004   _InheritedProviderScopeElement.mount (package:provider/src/inherited_provider.dart:424:11)
...     Normal element mounting (7 frames)
#1011   SingleChildWidgetElementMixin.mount (package:nested/nested.dart:222:11)
...     Normal element mounting (7 frames)
#1018   SingleChildWidgetElementMixin.mount (package:nested/nested.dart:222:11)
...     Normal element mounting (7 frames)
#1025   _NestedHookElement.mount (package:nested/nested.dart:187:11)
...     Normal element mounting (7 frames)
#1032   _InheritedProviderScopeElement.mount (package:provider/src/inherited_provider.dart:424:11)
...     Normal element mounting (7 frames)
#1039   SingleChildWidgetElementMixin.mount (package:nested/nested.dart:222:11)
...     Normal element mounting (7 frames)
#1046   SingleChildWidgetElementMixin.mount (package:nested/nested.dart:222:11)
...     Normal element mounting (7 frames)
#1053   _NestedHookElement.mount (package:nested/nested.dart:187:11)
...     Normal element mounting (7 frames)
#1060   SingleChildWidgetElementMixin.mount (package:nested/nested.dart:222:11)
#1061   Element.inflateWidget (package:flutter/src/widgets/framework.dart:4548:16)
#1062   Element.updateChild (package:flutter/src/widgets/framework.dart:3998:20)
#1063   ComponentElement.performRebuild (package:flutter/src/widgets/framework.dart:5747:16)
#1064   Element.rebuild (package:flutter/src/widgets/framework.dart:5435:7)
#1065   ProxyElement.update (package:flutter/src/widgets/framework.dart:6051:5)
#1066   _InheritedNotifierElement.update (package:flutter/src/widgets/inherited_notifier.dart:108:11)
#1067   Element.updateChild (package:flutter/src/widgets/framework.dart:3982:15)
#1068   ComponentElement.performRebuild (package:flutter/src/widgets/framework.dart:5747:16)
#1069   StatefulElement.performRebuild (package:flutter/src/widgets/framework.dart:5884:11)
#1070   Element.rebuild (package:flutter/src/widgets/framework.dart:5435:7)
#1071   StatefulElement.update (package:flutter/src/widgets/framework.dart:5909:5)
#1072   Element.updateChild (package:flutter/src/widgets/framework.dart:3982:15)
#1073   ComponentElement.performRebuild (package:flutter/src/widgets/framework.dart:5747:16)
#1074   Element.rebuild (package:flutter/src/widgets/framework.dart:5435:7)
#1075   ProxyElement.update (package:flutter/src/widgets/framework.dart:6051:5)
#1076   _InheritedNotifierElement.update (package:flutter/src/widgets/inherited_notifier.dart:108:11)
#1077   Element.updateChild (package:flutter/src/widgets/framework.dart:3982:15)
#1078   ComponentElement.performRebuild (package:flutter/src/widgets/framework.dart:5747:16)
#1079   StatefulElement.performRebuild (package:flutter/src/widgets/framework.dart:5884:11)
#1080   Element.rebuild (package:flutter/src/widgets/framework.dart:5435:7)
#1081   StatefulElement.update (package:flutter/src/widgets/framework.dart:5909:5)
#1082   Element.updateChild (package:flutter/src/widgets/framework.dart:3982:15)
#1083   ComponentElement.performRebuild (package:flutter/src/widgets/framework.dart:5747:16)
#1084   StatefulElement.performRebuild (package:flutter/src/widgets/framework.dart:5884:11)
#1085   Element.rebuild (package:flutter/src/widgets/framework.dart:5435:7)
#1086   StatefulElement.update (package:flutter/src/widgets/framework.dart:5909:5)
#1087   Element.updateChild (package:flutter/src/widgets/framework.dart:3982:15)
#1088   ComponentElement.performRebuild (package:flutter/src/widgets/framework.dart:5747:16)
#1089   Element.rebuild (package:flutter/src/widgets/framework.dart:5435:7)
#1090   ProxyElement.update (package:flutter/src/widgets/framework.dart:6051:5)
#1091   Element.updateChild (package:flutter/src/widgets/framework.dart:3982:15)
#1092   ComponentElement.performRebuild (package:flutter/src/widgets/framework.dart:5747:16)
#1093   StatefulElement.performRebuild (package:flutter/src/widgets/framework.dart:5884:11)
#1094   Element.rebuild (package:flutter/src/widgets/framework.dart:5435:7)
#1095   StatefulElement.update (package:flutter/src/widgets/framework.dart:5909:5)
#1096   Element.updateChild (package:flutter/src/widgets/framework.dart:3982:15)
#1097   ComponentElement.performRebuild (package:flutter/src/widgets/framework.dart:5747:16)
#1098   Element.rebuild (package:flutter/src/widgets/framework.dart:5435:7)
#1099   ProxyElement.update (package:flutter/src/widgets/framework.dart:6051:5)
#1100   Element.updateChild (package:flutter/src/widgets/framework.dart:3982:15)
#1101   ComponentElement.performRebuild (package:flutter/src/widgets/framework.dart:5747:16)
#1102   Element.rebuild (package:flutter/src/widgets/framework.dart:5435:7)
#1103   ProxyElement.update (package:flutter/src/widgets/framework.dart:6051:5)
#1104   Element.updateChild (package:flutter/src/widgets/framework.dart:3982:15)
#1105   _RawViewElement._updateChild (package:flutter/src/widgets/view.dart:481:16)
#1106   _RawViewElement.update (package:flutter/src/widgets/view.dart:568:5)
#1107   Element.updateChild (package:flutter/src/widgets/framework.dart:3982:15)
#1108   ComponentElement.performRebuild (package:flutter/src/widgets/framework.dart:5747:16)
#1109   Element.rebuild (package:flutter/src/widgets/framework.dart:5435:7)
#1110   StatelessElement.update (package:flutter/src/widgets/framework.dart:5797:5)
#1111   Element.updateChild (package:flutter/src/widgets/framework.dart:3982:15)
#1112   ComponentElement.performRebuild (package:flutter/src/widgets/framework.dart:5747:16)
#1113   StatefulElement.performRebuild (package:flutter/src/widgets/framework.dart:5884:11)
#1114   Element.rebuild (package:flutter/src/widgets/framework.dart:5435:7)
#1115   StatefulElement.update (package:flutter/src/widgets/framework.dart:5909:5)
#1116   Element.updateChild (package:flutter/src/widgets/framework.dart:3982:15)
#1117   RootElement._rebuild (package:flutter/src/widgets/binding.dart:1716:16)
#1118   RootElement.update (package:flutter/src/widgets/binding.dart:1694:5)
#1119   RootElement.performRebuild (package:flutter/src/widgets/binding.dart:1708:7)
#1120   Element.rebuild (package:flutter/src/widgets/framework.dart:5435:7)
#1121   BuildScope._tryRebuild (package:flutter/src/widgets/framework.dart:2695:15)
#1122   BuildScope._flushDirtyElements (package:flutter/src/widgets/framework.dart:2752:11)
#1123   BuildOwner.buildScope (package:flutter/src/widgets/framework.dart:3056:18)
#1124   AutomatedTestWidgetsFlutterBinding.drawFrame (package:flutter_test/src/binding.dart:1506:19)
#1125   RendererBinding._handlePersistentFrameCallback (package:flutter/src/rendering/binding.dart:495:5)
#1126   SchedulerBinding._invokeFrameCallback (package:flutter/src/scheduler/binding.dart:1434:15)
#1127   SchedulerBinding.handleDrawFrame (package:flutter/src/scheduler/binding.dart:1347:9)
#1128   AutomatedTestWidgetsFlutterBinding.pump.<anonymous closure> (package:flutter_test/src/binding.dart:1335:9)
#1131   TestAsyncUtils.guard (package:flutter_test/src/test_async_utils.dart:74:41)
#1132   AutomatedTestWidgetsFlutterBinding.pump (package:flutter_test/src/binding.dart:1324:27)
#1133   WidgetTester.pumpWidget.<anonymous closure> (package:flutter_test/src/widget_tester.dart:598:22)
#1136   TestAsyncUtils.guard (package:flutter_test/src/test_async_utils.dart:74:41)
#1137   WidgetTester.pumpWidget (package:flutter_test/src/widget_tester.dart:595:27)
#1138   main.<anonymous closure>.<anonymous closure> (file:///Users/omarelsharkawy/Dev/projects/auction_app/frontend/test/features/auction/presentation/auction_screen_test.dart:91:20)
#1143   HttpOverrides.runZoned (dart:_http/overrides.dart:59:23)
#1144   mockNetworkImagesFor (package:network_image_mock/src/network_image_mock.dart:9:24)
#1145   main.<anonymous closure> (file:///Users/omarelsharkawy/Dev/projects/auction_app/frontend/test/features/auction/presentation/auction_screen_test.dart:90:11)
#1146   testWidgets.<anonymous closure>.<anonymous closure> (package:flutter_test/src/widget_tester.dart:192:29)
<asynchronous suspension>
#1147   TestWidgetsFlutterBinding._runTestBody (package:flutter_test/src/binding.dart:1059:5)
<asynchronous suspension>
<asynchronous suspension>
(elided 9 frames from dart:async and package:stack_trace)

════════════════════════════════════════════════════════════════════════════════════════════════════
══╡ EXCEPTION CAUGHT BY WIDGETS LIBRARY ╞═══════════════════════════════════════════════════════════
The following assertion was thrown building
RawGestureDetector-[LabeledGlobalKey<RawGestureDetectorState>#3110d](state:
RawGestureDetectorState#5d1e2(gestures: <none>, behavior: opaque)):
A RenderViewport expected a child of type RenderSliver but received a child of type RenderErrorBox.
RenderObjects expect specific types of children because they coordinate with their children during
layout and paint. For example, a RenderSliver cannot be the child of a RenderBox because a
RenderSliver does not understand the RenderBox layout protocol.

The RenderViewport that expected a RenderSliver child was created by:
  Viewport ← IgnorePointer-[GlobalKey#5da06] ← Semantics ← Listener ← _GestureSemantics ←
  RawGestureDetector-[LabeledGlobalKey<RawGestureDetectorState>#3110d] ← Listener ← _ScrollableScope
  ← _ScrollSemantics-[GlobalKey#455cd] ← NotificationListener<ScrollMetricsNotification> ← Transform
  ← ClipRect ← ⋯

The RenderErrorBox that did not match the expected child type was created by:
  ErrorWidget-[#ad46c] ← AuctionInfo ← Viewport ← IgnorePointer-[GlobalKey#5da06] ← Semantics ←
  Listener ← _GestureSemantics ←
  RawGestureDetector-[LabeledGlobalKey<RawGestureDetectorState>#3110d] ← Listener ← _ScrollableScope
  ← _ScrollSemantics-[GlobalKey#455cd] ← NotificationListener<ScrollMetricsNotification> ← ⋯

The relevant error-causing widget was:
  CustomScrollView
  CustomScrollView:file:///Users/omarelsharkawy/Dev/projects/auction_app/frontend/lib/features/auction/presentatiom/auction_screen.dart:80:28

When the exception was thrown, this was the stack:
#0      ContainerRenderObjectMixin.debugValidateChild.<anonymous closure> (package:flutter/src/rendering/object.dart:4268:9)
#1      ContainerRenderObjectMixin.debugValidateChild (package:flutter/src/rendering/object.dart:4295:6)
#2      MultiChildRenderObjectElement.insertRenderObjectChild (package:flutter/src/widgets/framework.dart:7097:25)
#3      _ViewportElement.insertRenderObjectChild (package:flutter/src/widgets/viewport.dart:295:11)
#4      RenderObjectElement.attachRenderObject (package:flutter/src/widgets/framework.dart:6844:35)
#5      RenderObjectElement.mount (package:flutter/src/widgets/framework.dart:6706:5)
...     Normal element mounting (7 frames)
#12     Element.inflateWidget (package:flutter/src/widgets/framework.dart:4548:16)
#13     MultiChildRenderObjectElement.inflateWidget (package:flutter/src/widgets/framework.dart:7169:36)
#14     MultiChildRenderObjectElement.mount (package:flutter/src/widgets/framework.dart:7185:32)
#15     _ViewportElement.mount (package:flutter/src/widgets/viewport.dart:254:11)
...     Normal element mounting (87 frames)
#102    Element.inflateWidget (package:flutter/src/widgets/framework.dart:4548:16)
#103    MultiChildRenderObjectElement.inflateWidget (package:flutter/src/widgets/framework.dart:7169:36)
#104    MultiChildRenderObjectElement.mount (package:flutter/src/widgets/framework.dart:7185:32)
...     Normal element mounting (24 frames)
#128    SingleChildWidgetElementMixin.mount (package:nested/nested.dart:222:11)
...     Normal element mounting (33 frames)
#161    Element.inflateWidget (package:flutter/src/widgets/framework.dart:4548:16)
#162    MultiChildRenderObjectElement.inflateWidget (package:flutter/src/widgets/framework.dart:7169:36)
#163    MultiChildRenderObjectElement.mount (package:flutter/src/widgets/framework.dart:7185:32)
...     Normal element mounting (340 frames)
#503    Element.inflateWidget (package:flutter/src/widgets/framework.dart:4548:16)
#504    MultiChildRenderObjectElement.inflateWidget (package:flutter/src/widgets/framework.dart:7169:36)
#505    MultiChildRenderObjectElement.mount (package:flutter/src/widgets/framework.dart:7185:32)
...     Normal element mounting (471 frames)
#976    _InheritedProviderScopeElement.mount (package:provider/src/inherited_provider.dart:424:11)
...     Normal element mounting (7 frames)
#983    SingleChildWidgetElementMixin.mount (package:nested/nested.dart:222:11)
...     Normal element mounting (7 frames)
#990    SingleChildWidgetElementMixin.mount (package:nested/nested.dart:222:11)
...     Normal element mounting (7 frames)
#997    _NestedHookElement.mount (package:nested/nested.dart:187:11)
...     Normal element mounting (7 frames)
#1004   _InheritedProviderScopeElement.mount (package:provider/src/inherited_provider.dart:424:11)
...     Normal element mounting (7 frames)
#1011   SingleChildWidgetElementMixin.mount (package:nested/nested.dart:222:11)
...     Normal element mounting (7 frames)
#1018   SingleChildWidgetElementMixin.mount (package:nested/nested.dart:222:11)
...     Normal element mounting (7 frames)
#1025   _NestedHookElement.mount (package:nested/nested.dart:187:11)
...     Normal element mounting (7 frames)
#1032   _InheritedProviderScopeElement.mount (package:provider/src/inherited_provider.dart:424:11)
...     Normal element mounting (7 frames)
#1039   SingleChildWidgetElementMixin.mount (package:nested/nested.dart:222:11)
...     Normal element mounting (7 frames)
#1046   SingleChildWidgetElementMixin.mount (package:nested/nested.dart:222:11)
...     Normal element mounting (7 frames)
#1053   _NestedHookElement.mount (package:nested/nested.dart:187:11)
...     Normal element mounting (7 frames)
#1060   SingleChildWidgetElementMixin.mount (package:nested/nested.dart:222:11)
#1061   Element.inflateWidget (package:flutter/src/widgets/framework.dart:4548:16)
#1062   Element.updateChild (package:flutter/src/widgets/framework.dart:3998:20)
#1063   ComponentElement.performRebuild (package:flutter/src/widgets/framework.dart:5747:16)
#1064   Element.rebuild (package:flutter/src/widgets/framework.dart:5435:7)
#1065   ProxyElement.update (package:flutter/src/widgets/framework.dart:6051:5)
#1066   _InheritedNotifierElement.update (package:flutter/src/widgets/inherited_notifier.dart:108:11)
#1067   Element.updateChild (package:flutter/src/widgets/framework.dart:3982:15)
#1068   ComponentElement.performRebuild (package:flutter/src/widgets/framework.dart:5747:16)
#1069   StatefulElement.performRebuild (package:flutter/src/widgets/framework.dart:5884:11)
#1070   Element.rebuild (package:flutter/src/widgets/framework.dart:5435:7)
#1071   StatefulElement.update (package:flutter/src/widgets/framework.dart:5909:5)
#1072   Element.updateChild (package:flutter/src/widgets/framework.dart:3982:15)
#1073   ComponentElement.performRebuild (package:flutter/src/widgets/framework.dart:5747:16)
#1074   Element.rebuild (package:flutter/src/widgets/framework.dart:5435:7)
#1075   ProxyElement.update (package:flutter/src/widgets/framework.dart:6051:5)
#1076   _InheritedNotifierElement.update (package:flutter/src/widgets/inherited_notifier.dart:108:11)
#1077   Element.updateChild (package:flutter/src/widgets/framework.dart:3982:15)
#1078   ComponentElement.performRebuild (package:flutter/src/widgets/framework.dart:5747:16)
#1079   StatefulElement.performRebuild (package:flutter/src/widgets/framework.dart:5884:11)
#1080   Element.rebuild (package:flutter/src/widgets/framework.dart:5435:7)
#1081   StatefulElement.update (package:flutter/src/widgets/framework.dart:5909:5)
#1082   Element.updateChild (package:flutter/src/widgets/framework.dart:3982:15)
#1083   ComponentElement.performRebuild (package:flutter/src/widgets/framework.dart:5747:16)
#1084   StatefulElement.performRebuild (package:flutter/src/widgets/framework.dart:5884:11)
#1085   Element.rebuild (package:flutter/src/widgets/framework.dart:5435:7)
#1086   StatefulElement.update (package:flutter/src/widgets/framework.dart:5909:5)
#1087   Element.updateChild (package:flutter/src/widgets/framework.dart:3982:15)
#1088   ComponentElement.performRebuild (package:flutter/src/widgets/framework.dart:5747:16)
#1089   Element.rebuild (package:flutter/src/widgets/framework.dart:5435:7)
#1090   ProxyElement.update (package:flutter/src/widgets/framework.dart:6051:5)
#1091   Element.updateChild (package:flutter/src/widgets/framework.dart:3982:15)
#1092   ComponentElement.performRebuild (package:flutter/src/widgets/framework.dart:5747:16)
#1093   StatefulElement.performRebuild (package:flutter/src/widgets/framework.dart:5884:11)
#1094   Element.rebuild (package:flutter/src/widgets/framework.dart:5435:7)
#1095   StatefulElement.update (package:flutter/src/widgets/framework.dart:5909:5)
#1096   Element.updateChild (package:flutter/src/widgets/framework.dart:3982:15)
#1097   ComponentElement.performRebuild (package:flutter/src/widgets/framework.dart:5747:16)
#1098   Element.rebuild (package:flutter/src/widgets/framework.dart:5435:7)
#1099   ProxyElement.update (package:flutter/src/widgets/framework.dart:6051:5)
#1100   Element.updateChild (package:flutter/src/widgets/framework.dart:3982:15)
#1101   ComponentElement.performRebuild (package:flutter/src/widgets/framework.dart:5747:16)
#1102   Element.rebuild (package:flutter/src/widgets/framework.dart:5435:7)
#1103   ProxyElement.update (package:flutter/src/widgets/framework.dart:6051:5)
#1104   Element.updateChild (package:flutter/src/widgets/framework.dart:3982:15)
#1105   _RawViewElement._updateChild (package:flutter/src/widgets/view.dart:481:16)
#1106   _RawViewElement.update (package:flutter/src/widgets/view.dart:568:5)
#1107   Element.updateChild (package:flutter/src/widgets/framework.dart:3982:15)
#1108   ComponentElement.performRebuild (package:flutter/src/widgets/framework.dart:5747:16)
#1109   Element.rebuild (package:flutter/src/widgets/framework.dart:5435:7)
#1110   StatelessElement.update (package:flutter/src/widgets/framework.dart:5797:5)
#1111   Element.updateChild (package:flutter/src/widgets/framework.dart:3982:15)
#1112   ComponentElement.performRebuild (package:flutter/src/widgets/framework.dart:5747:16)
#1113   StatefulElement.performRebuild (package:flutter/src/widgets/framework.dart:5884:11)
#1114   Element.rebuild (package:flutter/src/widgets/framework.dart:5435:7)
#1115   StatefulElement.update (package:flutter/src/widgets/framework.dart:5909:5)
#1116   Element.updateChild (package:flutter/src/widgets/framework.dart:3982:15)
#1117   RootElement._rebuild (package:flutter/src/widgets/binding.dart:1716:16)
#1118   RootElement.update (package:flutter/src/widgets/binding.dart:1694:5)
#1119   RootElement.performRebuild (package:flutter/src/widgets/binding.dart:1708:7)
#1120   Element.rebuild (package:flutter/src/widgets/framework.dart:5435:7)
#1121   BuildScope._tryRebuild (package:flutter/src/widgets/framework.dart:2695:15)
#1122   BuildScope._flushDirtyElements (package:flutter/src/widgets/framework.dart:2752:11)
#1123   BuildOwner.buildScope (package:flutter/src/widgets/framework.dart:3056:18)
#1124   AutomatedTestWidgetsFlutterBinding.drawFrame (package:flutter_test/src/binding.dart:1506:19)
#1125   RendererBinding._handlePersistentFrameCallback (package:flutter/src/rendering/binding.dart:495:5)
#1126   SchedulerBinding._invokeFrameCallback (package:flutter/src/scheduler/binding.dart:1434:15)
#1127   SchedulerBinding.handleDrawFrame (package:flutter/src/scheduler/binding.dart:1347:9)
#1128   AutomatedTestWidgetsFlutterBinding.pump.<anonymous closure> (package:flutter_test/src/binding.dart:1335:9)
#1131   TestAsyncUtils.guard (package:flutter_test/src/test_async_utils.dart:74:41)
#1132   AutomatedTestWidgetsFlutterBinding.pump (package:flutter_test/src/binding.dart:1324:27)
#1133   WidgetTester.pumpWidget.<anonymous closure> (package:flutter_test/src/widget_tester.dart:598:22)
#1136   TestAsyncUtils.guard (package:flutter_test/src/test_async_utils.dart:74:41)
#1137   WidgetTester.pumpWidget (package:flutter_test/src/widget_tester.dart:595:27)
#1138   main.<anonymous closure>.<anonymous closure> (file:///Users/omarelsharkawy/Dev/projects/auction_app/frontend/test/features/auction/presentation/auction_screen_test.dart:91:20)
#1143   HttpOverrides.runZoned (dart:_http/overrides.dart:59:23)
#1144   mockNetworkImagesFor (package:network_image_mock/src/network_image_mock.dart:9:24)
#1145   main.<anonymous closure> (file:///Users/omarelsharkawy/Dev/projects/auction_app/frontend/test/features/auction/presentation/auction_screen_test.dart:90:11)
#1146   testWidgets.<anonymous closure>.<anonymous closure> (package:flutter_test/src/widget_tester.dart:192:29)
<asynchronous suspension>
#1147   TestWidgetsFlutterBinding._runTestBody (package:flutter_test/src/binding.dart:1059:5)
<asynchronous suspension>
<asynchronous suspension>
(elided 9 frames from dart:async and package:stack_trace)

════════════════════════════════════════════════════════════════════════════════════════════════════
══╡ EXCEPTION CAUGHT BY WIDGETS LIBRARY ╞═══════════════════════════════════════════════════════════
The following _TypeError was thrown building BidInput(dirty, dependencies:
[_LocalizationsScope-[GlobalKey#96a5a]]):
Null check operator used on a null value

The relevant error-causing widget was:
  BidInput
  BidInput:file:///Users/omarelsharkawy/Dev/projects/auction_app/frontend/lib/features/auction/presentatiom/auction_screen.dart:100:25

When the exception was thrown, this was the stack:
#0      Themes.l10n (package:frontend/core/utils/extensions.dart:7:57)
#1      BidInput.build (package:frontend/features/auction/presentatiom/widgets/bid_input.dart:32:35)
#2      StatelessElement.build (package:flutter/src/widgets/framework.dart:5791:49)
#3      ComponentElement.performRebuild (package:flutter/src/widgets/framework.dart:5723:15)
#4      Element.rebuild (package:flutter/src/widgets/framework.dart:5435:7)
#5      ComponentElement._firstBuild (package:flutter/src/widgets/framework.dart:5705:5)
#6      ComponentElement.mount (package:flutter/src/widgets/framework.dart:5699:5)
#7      Element.inflateWidget (package:flutter/src/widgets/framework.dart:4548:16)
#8      MultiChildRenderObjectElement.inflateWidget (package:flutter/src/widgets/framework.dart:7169:36)
#9      MultiChildRenderObjectElement.mount (package:flutter/src/widgets/framework.dart:7185:32)
...     Normal element mounting (24 frames)
#33     SingleChildWidgetElementMixin.mount (package:nested/nested.dart:222:11)
...     Normal element mounting (33 frames)
#66     Element.inflateWidget (package:flutter/src/widgets/framework.dart:4548:16)
#67     MultiChildRenderObjectElement.inflateWidget (package:flutter/src/widgets/framework.dart:7169:36)
#68     MultiChildRenderObjectElement.mount (package:flutter/src/widgets/framework.dart:7185:32)
...     Normal element mounting (340 frames)
#408    Element.inflateWidget (package:flutter/src/widgets/framework.dart:4548:16)
#409    MultiChildRenderObjectElement.inflateWidget (package:flutter/src/widgets/framework.dart:7169:36)
#410    MultiChildRenderObjectElement.mount (package:flutter/src/widgets/framework.dart:7185:32)
...     Normal element mounting (471 frames)
#881    _InheritedProviderScopeElement.mount (package:provider/src/inherited_provider.dart:424:11)
...     Normal element mounting (7 frames)
#888    SingleChildWidgetElementMixin.mount (package:nested/nested.dart:222:11)
...     Normal element mounting (7 frames)
#895    SingleChildWidgetElementMixin.mount (package:nested/nested.dart:222:11)
...     Normal element mounting (7 frames)
#902    _NestedHookElement.mount (package:nested/nested.dart:187:11)
...     Normal element mounting (7 frames)
#909    _InheritedProviderScopeElement.mount (package:provider/src/inherited_provider.dart:424:11)
...     Normal element mounting (7 frames)
#916    SingleChildWidgetElementMixin.mount (package:nested/nested.dart:222:11)
...     Normal element mounting (7 frames)
#923    SingleChildWidgetElementMixin.mount (package:nested/nested.dart:222:11)
...     Normal element mounting (7 frames)
#930    _NestedHookElement.mount (package:nested/nested.dart:187:11)
...     Normal element mounting (7 frames)
#937    _InheritedProviderScopeElement.mount (package:provider/src/inherited_provider.dart:424:11)
...     Normal element mounting (7 frames)
#944    SingleChildWidgetElementMixin.mount (package:nested/nested.dart:222:11)
...     Normal element mounting (7 frames)
#951    SingleChildWidgetElementMixin.mount (package:nested/nested.dart:222:11)
...     Normal element mounting (7 frames)
#958    _NestedHookElement.mount (package:nested/nested.dart:187:11)
...     Normal element mounting (7 frames)
#965    SingleChildWidgetElementMixin.mount (package:nested/nested.dart:222:11)
#966    Element.inflateWidget (package:flutter/src/widgets/framework.dart:4548:16)
#967    Element.updateChild (package:flutter/src/widgets/framework.dart:3998:20)
#968    ComponentElement.performRebuild (package:flutter/src/widgets/framework.dart:5747:16)
#969    Element.rebuild (package:flutter/src/widgets/framework.dart:5435:7)
#970    ProxyElement.update (package:flutter/src/widgets/framework.dart:6051:5)
#971    _InheritedNotifierElement.update (package:flutter/src/widgets/inherited_notifier.dart:108:11)
#972    Element.updateChild (package:flutter/src/widgets/framework.dart:3982:15)
#973    ComponentElement.performRebuild (package:flutter/src/widgets/framework.dart:5747:16)
#974    StatefulElement.performRebuild (package:flutter/src/widgets/framework.dart:5884:11)
#975    Element.rebuild (package:flutter/src/widgets/framework.dart:5435:7)
#976    StatefulElement.update (package:flutter/src/widgets/framework.dart:5909:5)
#977    Element.updateChild (package:flutter/src/widgets/framework.dart:3982:15)
#978    ComponentElement.performRebuild (package:flutter/src/widgets/framework.dart:5747:16)
#979    Element.rebuild (package:flutter/src/widgets/framework.dart:5435:7)
#980    ProxyElement.update (package:flutter/src/widgets/framework.dart:6051:5)
#981    _InheritedNotifierElement.update (package:flutter/src/widgets/inherited_notifier.dart:108:11)
#982    Element.updateChild (package:flutter/src/widgets/framework.dart:3982:15)
#983    ComponentElement.performRebuild (package:flutter/src/widgets/framework.dart:5747:16)
#984    StatefulElement.performRebuild (package:flutter/src/widgets/framework.dart:5884:11)
#985    Element.rebuild (package:flutter/src/widgets/framework.dart:5435:7)
#986    StatefulElement.update (package:flutter/src/widgets/framework.dart:5909:5)
#987    Element.updateChild (package:flutter/src/widgets/framework.dart:3982:15)
#988    ComponentElement.performRebuild (package:flutter/src/widgets/framework.dart:5747:16)
#989    StatefulElement.performRebuild (package:flutter/src/widgets/framework.dart:5884:11)
#990    Element.rebuild (package:flutter/src/widgets/framework.dart:5435:7)
#991    StatefulElement.update (package:flutter/src/widgets/framework.dart:5909:5)
#992    Element.updateChild (package:flutter/src/widgets/framework.dart:3982:15)
#993    ComponentElement.performRebuild (package:flutter/src/widgets/framework.dart:5747:16)
#994    Element.rebuild (package:flutter/src/widgets/framework.dart:5435:7)
#995    ProxyElement.update (package:flutter/src/widgets/framework.dart:6051:5)
#996    Element.updateChild (package:flutter/src/widgets/framework.dart:3982:15)
#997    ComponentElement.performRebuild (package:flutter/src/widgets/framework.dart:5747:16)
#998    StatefulElement.performRebuild (package:flutter/src/widgets/framework.dart:5884:11)
#999    Element.rebuild (package:flutter/src/widgets/framework.dart:5435:7)
#1000   StatefulElement.update (package:flutter/src/widgets/framework.dart:5909:5)
#1001   Element.updateChild (package:flutter/src/widgets/framework.dart:3982:15)
#1002   ComponentElement.performRebuild (package:flutter/src/widgets/framework.dart:5747:16)
#1003   Element.rebuild (package:flutter/src/widgets/framework.dart:5435:7)
#1004   ProxyElement.update (package:flutter/src/widgets/framework.dart:6051:5)
#1005   Element.updateChild (package:flutter/src/widgets/framework.dart:3982:15)
#1006   ComponentElement.performRebuild (package:flutter/src/widgets/framework.dart:5747:16)
#1007   Element.rebuild (package:flutter/src/widgets/framework.dart:5435:7)
#1008   ProxyElement.update (package:flutter/src/widgets/framework.dart:6051:5)
#1009   Element.updateChild (package:flutter/src/widgets/framework.dart:3982:15)
#1010   _RawViewElement._updateChild (package:flutter/src/widgets/view.dart:481:16)
#1011   _RawViewElement.update (package:flutter/src/widgets/view.dart:568:5)
#1012   Element.updateChild (package:flutter/src/widgets/framework.dart:3982:15)
#1013   ComponentElement.performRebuild (package:flutter/src/widgets/framework.dart:5747:16)
#1014   Element.rebuild (package:flutter/src/widgets/framework.dart:5435:7)
#1015   StatelessElement.update (package:flutter/src/widgets/framework.dart:5797:5)
#1016   Element.updateChild (package:flutter/src/widgets/framework.dart:3982:15)
#1017   ComponentElement.performRebuild (package:flutter/src/widgets/framework.dart:5747:16)
#1018   StatefulElement.performRebuild (package:flutter/src/widgets/framework.dart:5884:11)
#1019   Element.rebuild (package:flutter/src/widgets/framework.dart:5435:7)
#1020   StatefulElement.update (package:flutter/src/widgets/framework.dart:5909:5)
#1021   Element.updateChild (package:flutter/src/widgets/framework.dart:3982:15)
#1022   RootElement._rebuild (package:flutter/src/widgets/binding.dart:1716:16)
#1023   RootElement.update (package:flutter/src/widgets/binding.dart:1694:5)
#1024   RootElement.performRebuild (package:flutter/src/widgets/binding.dart:1708:7)
#1025   Element.rebuild (package:flutter/src/widgets/framework.dart:5435:7)
#1026   BuildScope._tryRebuild (package:flutter/src/widgets/framework.dart:2695:15)
#1027   BuildScope._flushDirtyElements (package:flutter/src/widgets/framework.dart:2752:11)
#1028   BuildOwner.buildScope (package:flutter/src/widgets/framework.dart:3056:18)
#1029   AutomatedTestWidgetsFlutterBinding.drawFrame (package:flutter_test/src/binding.dart:1506:19)
#1030   RendererBinding._handlePersistentFrameCallback (package:flutter/src/rendering/binding.dart:495:5)
#1031   SchedulerBinding._invokeFrameCallback (package:flutter/src/scheduler/binding.dart:1434:15)
#1032   SchedulerBinding.handleDrawFrame (package:flutter/src/scheduler/binding.dart:1347:9)
#1033   AutomatedTestWidgetsFlutterBinding.pump.<anonymous closure> (package:flutter_test/src/binding.dart:1335:9)
#1036   TestAsyncUtils.guard (package:flutter_test/src/test_async_utils.dart:74:41)
#1037   AutomatedTestWidgetsFlutterBinding.pump (package:flutter_test/src/binding.dart:1324:27)
#1038   WidgetTester.pumpWidget.<anonymous closure> (package:flutter_test/src/widget_tester.dart:598:22)
#1041   TestAsyncUtils.guard (package:flutter_test/src/test_async_utils.dart:74:41)
#1042   WidgetTester.pumpWidget (package:flutter_test/src/widget_tester.dart:595:27)
#1043   main.<anonymous closure>.<anonymous closure> (file:///Users/omarelsharkawy/Dev/projects/auction_app/frontend/test/features/auction/presentation/auction_screen_test.dart:91:20)
#1048   HttpOverrides.runZoned (dart:_http/overrides.dart:59:23)
#1049   mockNetworkImagesFor (package:network_image_mock/src/network_image_mock.dart:9:24)
#1050   main.<anonymous closure> (file:///Users/omarelsharkawy/Dev/projects/auction_app/frontend/test/features/auction/presentation/auction_screen_test.dart:90:11)
#1051   testWidgets.<anonymous closure>.<anonymous closure> (package:flutter_test/src/widget_tester.dart:192:29)
<asynchronous suspension>
#1052   TestWidgetsFlutterBinding._runTestBody (package:flutter_test/src/binding.dart:1059:5)
<asynchronous suspension>
<asynchronous suspension>
(elided 9 frames from dart:async and package:stack_trace)

════════════════════════════════════════════════════════════════════════════════════════════════════
══╡ EXCEPTION CAUGHT BY RENDERING LIBRARY ╞═════════════════════════════════════════════════════════
The following assertion was thrown during layout:
A RenderFlex overflowed by 99400 pixels on the bottom.

The relevant error-causing widget was:
  Column
  Column:file:///Users/omarelsharkawy/Dev/projects/auction_app/frontend/lib/features/auction/presentatiom/auction_screen.dart:77:22

The overflowing RenderFlex has an orientation of Axis.vertical.
The edge of the RenderFlex that is overflowing has been marked in the rendering with a yellow and
black striped pattern. This is usually caused by the contents being too big for the RenderFlex.
Consider applying a flex factor (e.g. using an Expanded widget) to force the children of the
RenderFlex to fit within the available space instead of being sized to their natural size.
This is considered an error condition because it indicates that there is content that cannot be
seen. If the content is legitimately bigger than the available space, consider clipping it with a
ClipRect widget before putting it in the flex, or using a scrollable container rather than a Flex,
like a ListView.
The specific RenderFlex in question is: RenderFlex#3436a relayoutBoundary=up2 OVERFLOWING:
  creator: Column ← MediaQuery ← Padding ← SafeArea ← BlocListener<AuctionCubit, AuctionState> ←
    BlocBuilder<AuctionCubit, AuctionState> ← KeyedSubtree-[GlobalKey#ae4c0] ← _BodyBuilder ←
    MediaQuery ← LayoutId-[<_ScaffoldSlot.body>] ← CustomMultiChildLayout ← _ActionsScope ← ⋯
  parentData: offset=Offset(0.0, 0.0) (can use size)
  constraints: BoxConstraints(0.0<=w<=800.0, 0.0<=h<=600.0)
  size: Size(800.0, 600.0)
  direction: vertical
  mainAxisAlignment: start
  mainAxisSize: max
  crossAxisAlignment: center
  verticalDirection: down
  spacing: 0.0
◢◤◢◤◢◤◢◤◢◤◢◤◢◤◢◤◢◤◢◤◢◤◢◤◢◤◢◤◢◤◢◤◢◤◢◤◢◤◢◤◢◤◢◤◢◤◢◤◢◤◢◤◢◤◢◤◢◤◢◤◢◤◢◤◢◤◢◤◢◤◢◤◢◤◢◤◢◤◢◤◢◤◢◤◢◤◢◤◢◤◢◤◢◤◢◤◢◤◢◤
════════════════════════════════════════════════════════════════════════════════════════════════════
══╡ EXCEPTION CAUGHT BY FLUTTER TEST FRAMEWORK ╞════════════════════════════════════════════════════
The following TestFailure was thrown running a test:
Expected: exactly one matching candidate
  Actual: _TypeWidgetFinder:<Found 0 widgets with type "AuctionAppBar": []>
   Which: means none were found but one was expected

When the exception was thrown, this was the stack:
#4      main.<anonymous closure> (file:///Users/omarelsharkawy/Dev/projects/auction_app/frontend/test/features/auction/presentation/auction_screen_test.dart:94:5)
<asynchronous suspension>
#5      testWidgets.<anonymous closure>.<anonymous closure> (package:flutter_test/src/widget_tester.dart:192:15)
<asynchronous suspension>
#6      TestWidgetsFlutterBinding._runTestBody (package:flutter_test/src/binding.dart:1059:5)
<asynchronous suspension>
<asynchronous suspension>
(elided one frame from package:stack_trace)

This was caught by the test expectation on the following line:
  file:///Users/omarelsharkawy/Dev/projects/auction_app/frontend/test/features/auction/presentation/auction_screen_test.dart line 94
The test description was:
  renders auction details when state is loaded
════════════════════════════════════════════════════════════════════════════════════════════════════
══╡ EXCEPTION CAUGHT BY FLUTTER TEST FRAMEWORK ╞════════════════════════════════════════════════════
The following message was thrown:
Multiple exceptions (6) were detected during the running of the current test, and at least one was
unexpected.
════════════════════════════════════════════════════════════════════════════════════════════════════
00:02 +1 -1: renders auction details when state is loaded [E]                                                                                                                                          
  Test failed. See exception logs above.
  The test description was: renders auction details when state is loaded
  

To run this test again: /Users/omarelsharkawy/fvm/versions/3.32.8/bin/cache/dart-sdk/bin/dart test /Users/omarelsharkawy/Dev/projects/auction_app/frontend/test/features/auction/presentation/auction_screen_test.dart -p vm --plain-name 'renders auction details when state is loaded'
00:02 +1 -1: calls connect on init                                                                                                                                                                     00:02 +1 -1: calls connect on init                                                                                                                                                                     
══╡ EXCEPTION CAUGHT BY WIDGETS LIBRARY ╞═══════════════════════════════════════════════════════════
The following assertion was thrown building _FocusInheritedScope:
'package:flutter/src/widgets/framework.dart': Failed assertion: line 6171 pos 14:
'_dependents.isEmpty': is not true.

Either the assertion indicates an error in the framework itself, or we should provide substantially
more information in this error message to help you determine and fix the underlying cause.
In either case, please report this assertion by filing a bug on GitHub:
  https://github.com/flutter/flutter/issues/new?template=02_bug.yml

When the exception was thrown, this was the stack:
#2      InheritedElement.debugDeactivated.<anonymous closure> (package:flutter/src/widgets/framework.dart:6171:14)
#3      InheritedElement.debugDeactivated (package:flutter/src/widgets/framework.dart:6173:6)
#4      _InactiveElements._deactivateRecursively.<anonymous closure> (package:flutter/src/widgets/framework.dart:2098:15)
#5      _InactiveElements._deactivateRecursively (package:flutter/src/widgets/framework.dart:2100:6)
#6      SingleChildRenderObjectElement.visitChildren (package:flutter/src/widgets/framework.dart:7004:14)
#7      _InactiveElements._deactivateRecursively (package:flutter/src/widgets/framework.dart:2096:13)
#8      ComponentElement.visitChildren (package:flutter/src/widgets/framework.dart:5773:14)
#9      _InactiveElements._deactivateRecursively (package:flutter/src/widgets/framework.dart:2096:13)
#10     ComponentElement.visitChildren (package:flutter/src/widgets/framework.dart:5773:14)
#11     _InactiveElements._deactivateRecursively (package:flutter/src/widgets/framework.dart:2096:13)
#12     ComponentElement.visitChildren (package:flutter/src/widgets/framework.dart:5773:14)
#13     _InactiveElements._deactivateRecursively (package:flutter/src/widgets/framework.dart:2096:13)
#14     ComponentElement.visitChildren (package:flutter/src/widgets/framework.dart:5773:14)
#15     _InactiveElements._deactivateRecursively (package:flutter/src/widgets/framework.dart:2096:13)
#16     ComponentElement.visitChildren (package:flutter/src/widgets/framework.dart:5773:14)
#17     _InactiveElements._deactivateRecursively (package:flutter/src/widgets/framework.dart:2096:13)
#18     ComponentElement.visitChildren (package:flutter/src/widgets/framework.dart:5773:14)
#19     _InactiveElements._deactivateRecursively (package:flutter/src/widgets/framework.dart:2096:13)
#20     ComponentElement.visitChildren (package:flutter/src/widgets/framework.dart:5773:14)
#21     _InactiveElements._deactivateRecursively (package:flutter/src/widgets/framework.dart:2096:13)
#22     MultiChildRenderObjectElement.visitChildren (package:flutter/src/widgets/framework.dart:7128:16)
#23     _InactiveElements._deactivateRecursively (package:flutter/src/widgets/framework.dart:2096:13)
#24     ComponentElement.visitChildren (package:flutter/src/widgets/framework.dart:5773:14)
#25     _InactiveElements._deactivateRecursively (package:flutter/src/widgets/framework.dart:2096:13)
#26     ComponentElement.visitChildren (package:flutter/src/widgets/framework.dart:5773:14)
#27     _InactiveElements._deactivateRecursively (package:flutter/src/widgets/framework.dart:2096:13)
#28     ComponentElement.visitChildren (package:flutter/src/widgets/framework.dart:5773:14)
#29     _InactiveElements._deactivateRecursively (package:flutter/src/widgets/framework.dart:2096:13)
#30     ComponentElement.visitChildren (package:flutter/src/widgets/framework.dart:5773:14)
#31     _InactiveElements._deactivateRecursively (package:flutter/src/widgets/framework.dart:2096:13)
#32     ComponentElement.visitChildren (package:flutter/src/widgets/framework.dart:5773:14)
#33     _InactiveElements._deactivateRecursively (package:flutter/src/widgets/framework.dart:2096:13)
#34     SingleChildRenderObjectElement.visitChildren (package:flutter/src/widgets/framework.dart:7004:14)
#35     _InactiveElements._deactivateRecursively (package:flutter/src/widgets/framework.dart:2096:13)
#36     ComponentElement.visitChildren (package:flutter/src/widgets/framework.dart:5773:14)
#37     _InactiveElements._deactivateRecursively (package:flutter/src/widgets/framework.dart:2096:13)
#38     SingleChildRenderObjectElement.visitChildren (package:flutter/src/widgets/framework.dart:7004:14)
#39     _InactiveElements._deactivateRecursively (package:flutter/src/widgets/framework.dart:2096:13)
#40     ComponentElement.visitChildren (package:flutter/src/widgets/framework.dart:5773:14)
#41     _InactiveElements._deactivateRecursively (package:flutter/src/widgets/framework.dart:2096:13)
#42     ComponentElement.visitChildren (package:flutter/src/widgets/framework.dart:5773:14)
#43     _InactiveElements._deactivateRecursively (package:flutter/src/widgets/framework.dart:2096:13)
#44     ComponentElement.visitChildren (package:flutter/src/widgets/framework.dart:5773:14)
#45     _InactiveElements._deactivateRecursively (package:flutter/src/widgets/framework.dart:2096:13)
#46     ComponentElement.visitChildren (package:flutter/src/widgets/framework.dart:5773:14)
#47     _InactiveElements._deactivateRecursively (package:flutter/src/widgets/framework.dart:2096:13)
#48     ComponentElement.visitChildren (package:flutter/src/widgets/framework.dart:5773:14)
#49     _InactiveElements._deactivateRecursively (package:flutter/src/widgets/framework.dart:2096:13)
#50     ComponentElement.visitChildren (package:flutter/src/widgets/framework.dart:5773:14)
#51     _InactiveElements._deactivateRecursively (package:flutter/src/widgets/framework.dart:2096:13)
#52     ComponentElement.visitChildren (package:flutter/src/widgets/framework.dart:5773:14)
#53     _InactiveElements._deactivateRecursively (package:flutter/src/widgets/framework.dart:2096:13)
#54     ComponentElement.visitChildren (package:flutter/src/widgets/framework.dart:5773:14)
#55     _InactiveElements._deactivateRecursively (package:flutter/src/widgets/framework.dart:2096:13)
#56     ComponentElement.visitChildren (package:flutter/src/widgets/framework.dart:5773:14)
#57     _InactiveElements._deactivateRecursively (package:flutter/src/widgets/framework.dart:2096:13)
#58     SingleChildRenderObjectElement.visitChildren (package:flutter/src/widgets/framework.dart:7004:14)
#59     _InactiveElements._deactivateRecursively (package:flutter/src/widgets/framework.dart:2096:13)
#60     ComponentElement.visitChildren (package:flutter/src/widgets/framework.dart:5773:14)
#61     _InactiveElements._deactivateRecursively (package:flutter/src/widgets/framework.dart:2096:13)
#62     SingleChildRenderObjectElement.visitChildren (package:flutter/src/widgets/framework.dart:7004:14)
#63     _InactiveElements._deactivateRecursively (package:flutter/src/widgets/framework.dart:2096:13)
#64     SingleChildRenderObjectElement.visitChildren (package:flutter/src/widgets/framework.dart:7004:14)
#65     _InactiveElements._deactivateRecursively (package:flutter/src/widgets/framework.dart:2096:13)
#66     ComponentElement.visitChildren (package:flutter/src/widgets/framework.dart:5773:14)
#67     _InactiveElements._deactivateRecursively (package:flutter/src/widgets/framework.dart:2096:13)
#68     SingleChildRenderObjectElement.visitChildren (package:flutter/src/widgets/framework.dart:7004:14)
#69     _InactiveElements._deactivateRecursively (package:flutter/src/widgets/framework.dart:2096:13)
#70     ComponentElement.visitChildren (package:flutter/src/widgets/framework.dart:5773:14)
#71     _InactiveElements._deactivateRecursively (package:flutter/src/widgets/framework.dart:2096:13)
#72     SingleChildRenderObjectElement.visitChildren (package:flutter/src/widgets/framework.dart:7004:14)
#73     _InactiveElements._deactivateRecursively (package:flutter/src/widgets/framework.dart:2096:13)
#74     ComponentElement.visitChildren (package:flutter/src/widgets/framework.dart:5773:14)
#75     _InactiveElements._deactivateRecursively (package:flutter/src/widgets/framework.dart:2096:13)
#76     ComponentElement.visitChildren (package:flutter/src/widgets/framework.dart:5773:14)
#77     _InactiveElements._deactivateRecursively (package:flutter/src/widgets/framework.dart:2096:13)
#78     SingleChildRenderObjectElement.visitChildren (package:flutter/src/widgets/framework.dart:7004:14)
#79     _InactiveElements._deactivateRecursively (package:flutter/src/widgets/framework.dart:2096:13)
#80     ComponentElement.visitChildren (package:flutter/src/widgets/framework.dart:5773:14)
#81     _InactiveElements._deactivateRecursively (package:flutter/src/widgets/framework.dart:2096:13)
#82     SingleChildRenderObjectElement.visitChildren (package:flutter/src/widgets/framework.dart:7004:14)
#83     _InactiveElements._deactivateRecursively (package:flutter/src/widgets/framework.dart:2096:13)
#84     ComponentElement.visitChildren (package:flutter/src/widgets/framework.dart:5773:14)
#85     _InactiveElements._deactivateRecursively (package:flutter/src/widgets/framework.dart:2096:13)
#86     ComponentElement.visitChildren (package:flutter/src/widgets/framework.dart:5773:14)
#87     _InactiveElements._deactivateRecursively (package:flutter/src/widgets/framework.dart:2096:13)
#88     ComponentElement.visitChildren (package:flutter/src/widgets/framework.dart:5773:14)
#89     _InactiveElements._deactivateRecursively (package:flutter/src/widgets/framework.dart:2096:13)
#90     ComponentElement.visitChildren (package:flutter/src/widgets/framework.dart:5773:14)
#91     _InactiveElements._deactivateRecursively (package:flutter/src/widgets/framework.dart:2096:13)
#92     ComponentElement.visitChildren (package:flutter/src/widgets/framework.dart:5773:14)
#93     _InactiveElements._deactivateRecursively (package:flutter/src/widgets/framework.dart:2096:13)
#94     SingleChildRenderObjectElement.visitChildren (package:flutter/src/widgets/framework.dart:7004:14)
#95     _InactiveElements._deactivateRecursively (package:flutter/src/widgets/framework.dart:2096:13)
#96     ComponentElement.visitChildren (package:flutter/src/widgets/framework.dart:5773:14)
#97     _InactiveElements._deactivateRecursively (package:flutter/src/widgets/framework.dart:2096:13)
#98     SingleChildRenderObjectElement.visitChildren (package:flutter/src/widgets/framework.dart:7004:14)
#99     _InactiveElements._deactivateRecursively (package:flutter/src/widgets/framework.dart:2096:13)
#100    ComponentElement.visitChildren (package:flutter/src/widgets/framework.dart:5773:14)
#101    _InactiveElements._deactivateRecursively (package:flutter/src/widgets/framework.dart:2096:13)
#102    ComponentElement.visitChildren (package:flutter/src/widgets/framework.dart:5773:14)
#103    _InactiveElements._deactivateRecursively (package:flutter/src/widgets/framework.dart:2096:13)
#104    ComponentElement.visitChildren (package:flutter/src/widgets/framework.dart:5773:14)
#105    _InactiveElements._deactivateRecursively (package:flutter/src/widgets/framework.dart:2096:13)
#106    ComponentElement.visitChildren (package:flutter/src/widgets/framework.dart:5773:14)
#107    _InactiveElements._deactivateRecursively (package:flutter/src/widgets/framework.dart:2096:13)
#108    ComponentElement.visitChildren (package:flutter/src/widgets/framework.dart:5773:14)
#109    _InactiveElements._deactivateRecursively (package:flutter/src/widgets/framework.dart:2096:13)
#110    ComponentElement.visitChildren (package:flutter/src/widgets/framework.dart:5773:14)
#111    _InactiveElements._deactivateRecursively (package:flutter/src/widgets/framework.dart:2096:13)
#112    SingleChildRenderObjectElement.visitChildren (package:flutter/src/widgets/framework.dart:7004:14)
#113    _InactiveElements._deactivateRecursively (package:flutter/src/widgets/framework.dart:2096:13)
#114    ComponentElement.visitChildren (package:flutter/src/widgets/framework.dart:5773:14)
#115    _InactiveElements._deactivateRecursively (package:flutter/src/widgets/framework.dart:2096:13)
#116    ComponentElement.visitChildren (package:flutter/src/widgets/framework.dart:5773:14)
#117    _InactiveElements._deactivateRecursively (package:flutter/src/widgets/framework.dart:2096:13)
#118    ComponentElement.visitChildren (package:flutter/src/widgets/framework.dart:5773:14)
#119    _InactiveElements._deactivateRecursively (package:flutter/src/widgets/framework.dart:2096:13)
#120    ComponentElement.visitChildren (package:flutter/src/widgets/framework.dart:5773:14)
#121    _InactiveElements._deactivateRecursively (package:flutter/src/widgets/framework.dart:2096:13)
#122    ComponentElement.visitChildren (package:flutter/src/widgets/framework.dart:5773:14)
#123    _InactiveElements._deactivateRecursively (package:flutter/src/widgets/framework.dart:2096:13)
#124    SingleChildRenderObjectElement.visitChildren (package:flutter/src/widgets/framework.dart:7004:14)
#125    _InactiveElements._deactivateRecursively (package:flutter/src/widgets/framework.dart:2096:13)
#126    ComponentElement.visitChildren (package:flutter/src/widgets/framework.dart:5773:14)
#127    _InactiveElements._deactivateRecursively (package:flutter/src/widgets/framework.dart:2096:13)
#128    ComponentElement.visitChildren (package:flutter/src/widgets/framework.dart:5773:14)
#129    _InactiveElements._deactivateRecursively (package:flutter/src/widgets/framework.dart:2096:13)
#130    ComponentElement.visitChildren (package:flutter/src/widgets/framework.dart:5773:14)
#131    _InactiveElements._deactivateRecursively (package:flutter/src/widgets/framework.dart:2096:13)
#132    ComponentElement.visitChildren (package:flutter/src/widgets/framework.dart:5773:14)
#133    _InactiveElements._deactivateRecursively (package:flutter/src/widgets/framework.dart:2096:13)
#134    MultiChildRenderObjectElement.visitChildren (package:flutter/src/widgets/framework.dart:7128:16)
#135    _InactiveElements._deactivateRecursively (package:flutter/src/widgets/framework.dart:2096:13)
#136    ComponentElement.visitChildren (package:flutter/src/widgets/framework.dart:5773:14)
#137    _InactiveElements._deactivateRecursively (package:flutter/src/widgets/framework.dart:2096:13)
#138    ComponentElement.visitChildren (package:flutter/src/widgets/framework.dart:5773:14)
#139    _InactiveElements._deactivateRecursively (package:flutter/src/widgets/framework.dart:2096:13)
#140    ComponentElement.visitChildren (package:flutter/src/widgets/framework.dart:5773:14)
#141    _InactiveElements._deactivateRecursively (package:flutter/src/widgets/framework.dart:2096:13)
#142    ComponentElement.visitChildren (package:flutter/src/widgets/framework.dart:5773:14)
#143    _InactiveElements._deactivateRecursively (package:flutter/src/widgets/framework.dart:2096:13)
#144    ComponentElement.visitChildren (package:flutter/src/widgets/framework.dart:5773:14)
#145    _InactiveElements._deactivateRecursively (package:flutter/src/widgets/framework.dart:2096:13)
#146    ComponentElement.visitChildren (package:flutter/src/widgets/framework.dart:5773:14)
#147    _InactiveElements._deactivateRecursively (package:flutter/src/widgets/framework.dart:2096:13)
#148    ComponentElement.visitChildren (package:flutter/src/widgets/framework.dart:5773:14)
#149    _InactiveElements._deactivateRecursively (package:flutter/src/widgets/framework.dart:2096:13)
#150    SingleChildRenderObjectElement.visitChildren (package:flutter/src/widgets/framework.dart:7004:14)
#151    _InactiveElements._deactivateRecursively (package:flutter/src/widgets/framework.dart:2096:13)
#152    SingleChildRenderObjectElement.visitChildren (package:flutter/src/widgets/framework.dart:7004:14)
#153    _InactiveElements._deactivateRecursively (package:flutter/src/widgets/framework.dart:2096:13)
#154    ComponentElement.visitChildren (package:flutter/src/widgets/framework.dart:5773:14)
#155    _InactiveElements._deactivateRecursively (package:flutter/src/widgets/framework.dart:2096:13)
#156    ComponentElement.visitChildren (package:flutter/src/widgets/framework.dart:5773:14)
#157    _InactiveElements._deactivateRecursively (package:flutter/src/widgets/framework.dart:2096:13)
#158    ComponentElement.visitChildren (package:flutter/src/widgets/framework.dart:5773:14)
#159    _InactiveElements._deactivateRecursively (package:flutter/src/widgets/framework.dart:2096:13)
#160    ComponentElement.visitChildren (package:flutter/src/widgets/framework.dart:5773:14)
#161    _InactiveElements._deactivateRecursively (package:flutter/src/widgets/framework.dart:2096:13)
#162    SingleChildRenderObjectElement.visitChildren (package:flutter/src/widgets/framework.dart:7004:14)
#163    _InactiveElements._deactivateRecursively (package:flutter/src/widgets/framework.dart:2096:13)
#164    ComponentElement.visitChildren (package:flutter/src/widgets/framework.dart:5773:14)
#165    _InactiveElements._deactivateRecursively (package:flutter/src/widgets/framework.dart:2096:13)
#166    ComponentElement.visitChildren (package:flutter/src/widgets/framework.dart:5773:14)
#167    _InactiveElements._deactivateRecursively (package:flutter/src/widgets/framework.dart:2096:13)
#168    ComponentElement.visitChildren (package:flutter/src/widgets/framework.dart:5773:14)
#169    _InactiveElements._deactivateRecursively (package:flutter/src/widgets/framework.dart:2096:13)
#170    ComponentElement.visitChildren (package:flutter/src/widgets/framework.dart:5773:14)
#171    _InactiveElements._deactivateRecursively (package:flutter/src/widgets/framework.dart:2096:13)
#172    ComponentElement.visitChildren (package:flutter/src/widgets/framework.dart:5773:14)
#173    _InactiveElements._deactivateRecursively (package:flutter/src/widgets/framework.dart:2096:13)
#174    ComponentElement.visitChildren (package:flutter/src/widgets/framework.dart:5773:14)
#175    _InactiveElements._deactivateRecursively (package:flutter/src/widgets/framework.dart:2096:13)
#176    ComponentElement.visitChildren (package:flutter/src/widgets/framework.dart:5773:14)
#177    _InactiveElements._deactivateRecursively (package:flutter/src/widgets/framework.dart:2096:13)
#178    ComponentElement.visitChildren (package:flutter/src/widgets/framework.dart:5773:14)
#179    _InactiveElements._deactivateRecursively (package:flutter/src/widgets/framework.dart:2096:13)
#180    ComponentElement.visitChildren (package:flutter/src/widgets/framework.dart:5773:14)
#181    _InactiveElements._deactivateRecursively (package:flutter/src/widgets/framework.dart:2096:13)
#182    ComponentElement.visitChildren (package:flutter/src/widgets/framework.dart:5773:14)
#183    _InactiveElements._deactivateRecursively (package:flutter/src/widgets/framework.dart:2096:13)
#184    ComponentElement.visitChildren (package:flutter/src/widgets/framework.dart:5773:14)
#185    _InactiveElements._deactivateRecursively (package:flutter/src/widgets/framework.dart:2096:13)
#186    ComponentElement.visitChildren (package:flutter/src/widgets/framework.dart:5773:14)
#187    _InactiveElements._deactivateRecursively (package:flutter/src/widgets/framework.dart:2096:13)
#188    ComponentElement.visitChildren (package:flutter/src/widgets/framework.dart:5773:14)
#189    _InactiveElements._deactivateRecursively (package:flutter/src/widgets/framework.dart:2096:13)
#190    ComponentElement.visitChildren (package:flutter/src/widgets/framework.dart:5773:14)
#191    _InactiveElements._deactivateRecursively (package:flutter/src/widgets/framework.dart:2096:13)
#192    ComponentElement.visitChildren (package:flutter/src/widgets/framework.dart:5773:14)
#193    _InactiveElements._deactivateRecursively (package:flutter/src/widgets/framework.dart:2096:13)
#194    SingleChildRenderObjectElement.visitChildren (package:flutter/src/widgets/framework.dart:7004:14)
#195    _InactiveElements._deactivateRecursively (package:flutter/src/widgets/framework.dart:2096:13)
#196    ComponentElement.visitChildren (package:flutter/src/widgets/framework.dart:5773:14)
#197    _InactiveElements._deactivateRecursively (package:flutter/src/widgets/framework.dart:2096:13)
#198    ComponentElement.visitChildren (package:flutter/src/widgets/framework.dart:5773:14)
#199    _InactiveElements._deactivateRecursively (package:flutter/src/widgets/framework.dart:2096:13)
#200    ComponentElement.visitChildren (package:flutter/src/widgets/framework.dart:5773:14)
#201    _InactiveElements._deactivateRecursively (package:flutter/src/widgets/framework.dart:2096:13)
#202    ComponentElement.visitChildren (package:flutter/src/widgets/framework.dart:5773:14)
#203    _InactiveElements._deactivateRecursively (package:flutter/src/widgets/framework.dart:2096:13)
#204    ComponentElement.visitChildren (package:flutter/src/widgets/framework.dart:5773:14)
#205    _InactiveElements._deactivateRecursively (package:flutter/src/widgets/framework.dart:2096:13)
#206    SingleChildRenderObjectElement.visitChildren (package:flutter/src/widgets/framework.dart:7004:14)
#207    _InactiveElements._deactivateRecursively (package:flutter/src/widgets/framework.dart:2096:13)
#208    ComponentElement.visitChildren (package:flutter/src/widgets/framework.dart:5773:14)
#209    _InactiveElements._deactivateRecursively (package:flutter/src/widgets/framework.dart:2096:13)
#210    ComponentElement.visitChildren (package:flutter/src/widgets/framework.dart:5773:14)
#211    _InactiveElements._deactivateRecursively (package:flutter/src/widgets/framework.dart:2096:13)
#212    SingleChildRenderObjectElement.visitChildren (package:flutter/src/widgets/framework.dart:7004:14)
#213    _InactiveElements._deactivateRecursively (package:flutter/src/widgets/framework.dart:2096:13)
#214    ComponentElement.visitChildren (package:flutter/src/widgets/framework.dart:5773:14)
#215    _InactiveElements._deactivateRecursively (package:flutter/src/widgets/framework.dart:2096:13)
#216    ComponentElement.visitChildren (package:flutter/src/widgets/framework.dart:5773:14)
#217    _InactiveElements._deactivateRecursively (package:flutter/src/widgets/framework.dart:2096:13)
#218    ComponentElement.visitChildren (package:flutter/src/widgets/framework.dart:5773:14)
#219    _InactiveElements._deactivateRecursively (package:flutter/src/widgets/framework.dart:2096:13)
#220    ComponentElement.visitChildren (package:flutter/src/widgets/framework.dart:5773:14)
#221    _InactiveElements._deactivateRecursively (package:flutter/src/widgets/framework.dart:2096:13)
#222    ComponentElement.visitChildren (package:flutter/src/widgets/framework.dart:5773:14)
#223    _InactiveElements._deactivateRecursively (package:flutter/src/widgets/framework.dart:2096:13)
#224    SingleChildRenderObjectElement.visitChildren (package:flutter/src/widgets/framework.dart:7004:14)
#225    _InactiveElements._deactivateRecursively (package:flutter/src/widgets/framework.dart:2096:13)
#226    ComponentElement.visitChildren (package:flutter/src/widgets/framework.dart:5773:14)
#227    _InactiveElements._deactivateRecursively (package:flutter/src/widgets/framework.dart:2096:13)
#228    ComponentElement.visitChildren (package:flutter/src/widgets/framework.dart:5773:14)
#229    _InactiveElements._deactivateRecursively (package:flutter/src/widgets/framework.dart:2096:13)
#230    ComponentElement.visitChildren (package:flutter/src/widgets/framework.dart:5773:14)
#231    _InactiveElements._deactivateRecursively (package:flutter/src/widgets/framework.dart:2096:13)
#232    ComponentElement.visitChildren (package:flutter/src/widgets/framework.dart:5773:14)
#233    _InactiveElements._deactivateRecursively (package:flutter/src/widgets/framework.dart:2096:13)
#234    ComponentElement.visitChildren (package:flutter/src/widgets/framework.dart:5773:14)
#235    _InactiveElements._deactivateRecursively (package:flutter/src/widgets/framework.dart:2096:13)
#236    SingleChildRenderObjectElement.visitChildren (package:flutter/src/widgets/framework.dart:7004:14)
#237    _InactiveElements._deactivateRecursively (package:flutter/src/widgets/framework.dart:2096:13)
#238    ComponentElement.visitChildren (package:flutter/src/widgets/framework.dart:5773:14)
#239    _InactiveElements._deactivateRecursively (package:flutter/src/widgets/framework.dart:2096:13)
#240    ComponentElement.visitChildren (package:flutter/src/widgets/framework.dart:5773:14)
#241    _InactiveElements._deactivateRecursively (package:flutter/src/widgets/framework.dart:2096:13)
#242    ComponentElement.visitChildren (package:flutter/src/widgets/framework.dart:5773:14)
#243    _InactiveElements._deactivateRecursively (package:flutter/src/widgets/framework.dart:2096:13)
#244    ComponentElement.visitChildren (package:flutter/src/widgets/framework.dart:5773:14)
#245    _InactiveElements._deactivateRecursively (package:flutter/src/widgets/framework.dart:2096:13)
#246    SingleChildRenderObjectElement.visitChildren (package:flutter/src/widgets/framework.dart:7004:14)
#247    _InactiveElements._deactivateRecursively (package:flutter/src/widgets/framework.dart:2096:13)
#248    ComponentElement.visitChildren (package:flutter/src/widgets/framework.dart:5773:14)
#249    _InactiveElements._deactivateRecursively (package:flutter/src/widgets/framework.dart:2096:13)
#250    ComponentElement.visitChildren (package:flutter/src/widgets/framework.dart:5773:14)
#251    _InactiveElements._deactivateRecursively (package:flutter/src/widgets/framework.dart:2096:13)
#252    ComponentElement.visitChildren (package:flutter/src/widgets/framework.dart:5773:14)
#253    _InactiveElements._deactivateRecursively (package:flutter/src/widgets/framework.dart:2096:13)
#254    ComponentElement.visitChildren (package:flutter/src/widgets/framework.dart:5773:14)
#255    _InactiveElements._deactivateRecursively (package:flutter/src/widgets/framework.dart:2096:13)
#256    ComponentElement.visitChildren (package:flutter/src/widgets/framework.dart:5773:14)
#257    _InactiveElements._deactivateRecursively (package:flutter/src/widgets/framework.dart:2096:13)
#258    ComponentElement.visitChildren (package:flutter/src/widgets/framework.dart:5773:14)
#259    _InactiveElements._deactivateRecursively (package:flutter/src/widgets/framework.dart:2096:13)
#260    ComponentElement.visitChildren (package:flutter/src/widgets/framework.dart:5773:14)
#261    _InactiveElements._deactivateRecursively (package:flutter/src/widgets/framework.dart:2096:13)
#262    ComponentElement.visitChildren (package:flutter/src/widgets/framework.dart:5773:14)
#263    _InactiveElements._deactivateRecursively (package:flutter/src/widgets/framework.dart:2096:13)
#264    ComponentElement.visitChildren (package:flutter/src/widgets/framework.dart:5773:14)
#265    _InactiveElements._deactivateRecursively (package:flutter/src/widgets/framework.dart:2096:13)
#266    ComponentElement.visitChildren (package:flutter/src/widgets/framework.dart:5773:14)
#267    _InactiveElements._deactivateRecursively (package:flutter/src/widgets/framework.dart:2096:13)
#268    ComponentElement.visitChildren (package:flutter/src/widgets/framework.dart:5773:14)
#269    _InactiveElements._deactivateRecursively (package:flutter/src/widgets/framework.dart:2096:13)
#270    SingleChildRenderObjectElement.visitChildren (package:flutter/src/widgets/framework.dart:7004:14)
#271    _InactiveElements._deactivateRecursively (package:flutter/src/widgets/framework.dart:2096:13)
#272    ComponentElement.visitChildren (package:flutter/src/widgets/framework.dart:5773:14)
#273    _InactiveElements._deactivateRecursively (package:flutter/src/widgets/framework.dart:2096:13)
#274    ComponentElement.visitChildren (package:flutter/src/widgets/framework.dart:5773:14)
#275    _InactiveElements._deactivateRecursively (package:flutter/src/widgets/framework.dart:2096:13)
#276    ComponentElement.visitChildren (package:flutter/src/widgets/framework.dart:5773:14)
#277    _InactiveElements._deactivateRecursively (package:flutter/src/widgets/framework.dart:2096:13)
#278    ComponentElement.visitChildren (package:flutter/src/widgets/framework.dart:5773:14)
#279    _InactiveElements._deactivateRecursively (package:flutter/src/widgets/framework.dart:2096:13)
#280    ComponentElement.visitChildren (package:flutter/src/widgets/framework.dart:5773:14)
#281    _InactiveElements._deactivateRecursively (package:flutter/src/widgets/framework.dart:2096:13)
#282    ComponentElement.visitChildren (package:flutter/src/widgets/framework.dart:5773:14)
#283    _InactiveElements._deactivateRecursively (package:flutter/src/widgets/framework.dart:2096:13)
#284    ComponentElement.visitChildren (package:flutter/src/widgets/framework.dart:5773:14)
#285    _InactiveElements._deactivateRecursively (package:flutter/src/widgets/framework.dart:2096:13)
#286    ComponentElement.visitChildren (package:flutter/src/widgets/framework.dart:5773:14)
#287    _InactiveElements._deactivateRecursively (package:flutter/src/widgets/framework.dart:2096:13)
#288    ComponentElement.visitChildren (package:flutter/src/widgets/framework.dart:5773:14)
#289    _InactiveElements._deactivateRecursively (package:flutter/src/widgets/framework.dart:2096:13)
#290    ComponentElement.visitChildren (package:flutter/src/widgets/framework.dart:5773:14)
#291    _InactiveElements._deactivateRecursively (package:flutter/src/widgets/framework.dart:2096:13)
#292    ComponentElement.visitChildren (package:flutter/src/widgets/framework.dart:5773:14)
#293    _InactiveElements._deactivateRecursively (package:flutter/src/widgets/framework.dart:2096:13)
#294    ComponentElement.visitChildren (package:flutter/src/widgets/framework.dart:5773:14)
#295    _InactiveElements._deactivateRecursively (package:flutter/src/widgets/framework.dart:2096:13)
#296    ComponentElement.visitChildren (package:flutter/src/widgets/framework.dart:5773:14)
#297    _InactiveElements._deactivateRecursively (package:flutter/src/widgets/framework.dart:2096:13)
#298    ComponentElement.visitChildren (package:flutter/src/widgets/framework.dart:5773:14)
#299    _InactiveElements._deactivateRecursively (package:flutter/src/widgets/framework.dart:2096:13)
#300    ComponentElement.visitChildren (package:flutter/src/widgets/framework.dart:5773:14)
#301    _InactiveElements._deactivateRecursively (package:flutter/src/widgets/framework.dart:2096:13)
#302    ComponentElement.visitChildren (package:flutter/src/widgets/framework.dart:5773:14)
#303    _InactiveElements._deactivateRecursively (package:flutter/src/widgets/framework.dart:2096:13)
#304    ComponentElement.visitChildren (package:flutter/src/widgets/framework.dart:5773:14)
#305    _InactiveElements._deactivateRecursively (package:flutter/src/widgets/framework.dart:2096:13)
#306    ComponentElement.visitChildren (package:flutter/src/widgets/framework.dart:5773:14)
#307    _InactiveElements._deactivateRecursively (package:flutter/src/widgets/framework.dart:2096:13)
#308    _InactiveElements.add (package:flutter/src/widgets/framework.dart:2108:7)
#309    Element.deactivateChild (package:flutter/src/widgets/framework.dart:4590:30)
#310    Element.updateChild (package:flutter/src/widgets/framework.dart:3993:9)
#311    ComponentElement.performRebuild (package:flutter/src/widgets/framework.dart:5747:16)
#312    Element.rebuild (package:flutter/src/widgets/framework.dart:5435:7)
#313    ProxyElement.update (package:flutter/src/widgets/framework.dart:6051:5)
#314    _InheritedNotifierElement.update (package:flutter/src/widgets/inherited_notifier.dart:108:11)
#315    Element.updateChild (package:flutter/src/widgets/framework.dart:3982:15)
#316    ComponentElement.performRebuild (package:flutter/src/widgets/framework.dart:5747:16)
#317    StatefulElement.performRebuild (package:flutter/src/widgets/framework.dart:5884:11)
#318    Element.rebuild (package:flutter/src/widgets/framework.dart:5435:7)
#319    StatefulElement.update (package:flutter/src/widgets/framework.dart:5909:5)
#320    Element.updateChild (package:flutter/src/widgets/framework.dart:3982:15)
#321    ComponentElement.performRebuild (package:flutter/src/widgets/framework.dart:5747:16)
#322    Element.rebuild (package:flutter/src/widgets/framework.dart:5435:7)
#323    ProxyElement.update (package:flutter/src/widgets/framework.dart:6051:5)
#324    _InheritedNotifierElement.update (package:flutter/src/widgets/inherited_notifier.dart:108:11)
#325    Element.updateChild (package:flutter/src/widgets/framework.dart:3982:15)
#326    ComponentElement.performRebuild (package:flutter/src/widgets/framework.dart:5747:16)
#327    StatefulElement.performRebuild (package:flutter/src/widgets/framework.dart:5884:11)
#328    Element.rebuild (package:flutter/src/widgets/framework.dart:5435:7)
#329    StatefulElement.update (package:flutter/src/widgets/framework.dart:5909:5)
#330    Element.updateChild (package:flutter/src/widgets/framework.dart:3982:15)
#331    ComponentElement.performRebuild (package:flutter/src/widgets/framework.dart:5747:16)
#332    StatefulElement.performRebuild (package:flutter/src/widgets/framework.dart:5884:11)
#333    Element.rebuild (package:flutter/src/widgets/framework.dart:5435:7)
#334    StatefulElement.update (package:flutter/src/widgets/framework.dart:5909:5)
#335    Element.updateChild (package:flutter/src/widgets/framework.dart:3982:15)
#336    ComponentElement.performRebuild (package:flutter/src/widgets/framework.dart:5747:16)
#337    Element.rebuild (package:flutter/src/widgets/framework.dart:5435:7)
#338    ProxyElement.update (package:flutter/src/widgets/framework.dart:6051:5)
#339    Element.updateChild (package:flutter/src/widgets/framework.dart:3982:15)
#340    ComponentElement.performRebuild (package:flutter/src/widgets/framework.dart:5747:16)
#341    StatefulElement.performRebuild (package:flutter/src/widgets/framework.dart:5884:11)
#342    Element.rebuild (package:flutter/src/widgets/framework.dart:5435:7)
#343    StatefulElement.update (package:flutter/src/widgets/framework.dart:5909:5)
#344    Element.updateChild (package:flutter/src/widgets/framework.dart:3982:15)
#345    ComponentElement.performRebuild (package:flutter/src/widgets/framework.dart:5747:16)
#346    Element.rebuild (package:flutter/src/widgets/framework.dart:5435:7)
#347    ProxyElement.update (package:flutter/src/widgets/framework.dart:6051:5)
#348    Element.updateChild (package:flutter/src/widgets/framework.dart:3982:15)
#349    ComponentElement.performRebuild (package:flutter/src/widgets/framework.dart:5747:16)
#350    Element.rebuild (package:flutter/src/widgets/framework.dart:5435:7)
#351    ProxyElement.update (package:flutter/src/widgets/framework.dart:6051:5)
#352    Element.updateChild (package:flutter/src/widgets/framework.dart:3982:15)
#353    _RawViewElement._updateChild (package:flutter/src/widgets/view.dart:481:16)
#354    _RawViewElement.update (package:flutter/src/widgets/view.dart:568:5)
#355    Element.updateChild (package:flutter/src/widgets/framework.dart:3982:15)
#356    ComponentElement.performRebuild (package:flutter/src/widgets/framework.dart:5747:16)
#357    Element.rebuild (package:flutter/src/widgets/framework.dart:5435:7)
#358    StatelessElement.update (package:flutter/src/widgets/framework.dart:5797:5)
#359    Element.updateChild (package:flutter/src/widgets/framework.dart:3982:15)
#360    ComponentElement.performRebuild (package:flutter/src/widgets/framework.dart:5747:16)
#361    StatefulElement.performRebuild (package:flutter/src/widgets/framework.dart:5884:11)
#362    Element.rebuild (package:flutter/src/widgets/framework.dart:5435:7)
#363    StatefulElement.update (package:flutter/src/widgets/framework.dart:5909:5)
#364    Element.updateChild (package:flutter/src/widgets/framework.dart:3982:15)
#365    RootElement._rebuild (package:flutter/src/widgets/binding.dart:1716:16)
#366    RootElement.update (package:flutter/src/widgets/binding.dart:1694:5)
#367    RootElement.performRebuild (package:flutter/src/widgets/binding.dart:1708:7)
#368    Element.rebuild (package:flutter/src/widgets/framework.dart:5435:7)
#369    BuildScope._tryRebuild (package:flutter/src/widgets/framework.dart:2695:15)
#370    BuildScope._flushDirtyElements (package:flutter/src/widgets/framework.dart:2752:11)
#371    BuildOwner.buildScope (package:flutter/src/widgets/framework.dart:3056:18)
#372    AutomatedTestWidgetsFlutterBinding.drawFrame (package:flutter_test/src/binding.dart:1506:19)
#373    RendererBinding._handlePersistentFrameCallback (package:flutter/src/rendering/binding.dart:495:5)
#374    SchedulerBinding._invokeFrameCallback (package:flutter/src/scheduler/binding.dart:1434:15)
#375    SchedulerBinding.handleDrawFrame (package:flutter/src/scheduler/binding.dart:1347:9)
#376    AutomatedTestWidgetsFlutterBinding.scheduleWarmUpFrame (package:flutter_test/src/binding.dart:1432:5)
#377    _runWidget (package:flutter/src/widgets/binding.dart:1577:7)
#378    runApp (package:flutter/src/widgets/binding.dart:1510:3)
#379    TestWidgetsFlutterBinding._runTestBody (package:flutter_test/src/binding.dart:1047:5)
#382    TestWidgetsFlutterBinding._runTest (package:flutter_test/src/binding.dart:1033:10)
#383    AutomatedTestWidgetsFlutterBinding.runTest.<anonymous closure> (package:flutter_test/src/binding.dart:1564:24)
#384    FakeAsync.run.<anonymous closure>.<anonymous closure> (package:fake_async/fake_async.dart:182:47)
#389    withClock (package:clock/src/default.dart:52:10)
#390    FakeAsync.run.<anonymous closure> (package:fake_async/fake_async.dart:182:15)
#395    FakeAsync.run (package:fake_async/fake_async.dart:181:52)
#396    AutomatedTestWidgetsFlutterBinding.runTest (package:flutter_test/src/binding.dart:1561:15)
#397    testWidgets.<anonymous closure> (package:flutter_test/src/widget_tester.dart:184:24)
#398    Declarer.test.<anonymous closure>.<anonymous closure> (package:test_api/src/backend/declarer.dart:242:19)
<asynchronous suspension>
#399    Declarer.test.<anonymous closure> (package:test_api/src/backend/declarer.dart:240:7)
<asynchronous suspension>
#400    Invoker._waitForOutstandingCallbacks.<anonymous closure> (package:test_api/src/backend/invoker.dart:282:9)
<asynchronous suspension>
(elided 12 frames from class _AssertionError and dart:async)

════════════════════════════════════════════════════════════════════════════════════════════════════
00:02 +1 -2: calls connect on init [E]                                                                                                                                                                 
  Test failed. See exception logs above.
  The test description was: calls connect on init
  

To run this test again: /Users/omarelsharkawy/fvm/versions/3.32.8/bin/cache/dart-sdk/bin/dart test /Users/omarelsharkawy/Dev/projects/auction_app/frontend/test/features/auction/presentation/auction_screen_test.dart -p vm --plain-name 'calls connect on init'
00:02 +1 -2: Some tests failed.                                                                                                                                                                        
